// Jest Snapshot v1, https://goo.gl/fbAQLP

exports[`Yen algorithm should work with four ksp 1`] = `
Array [
  Object {
    "cost": 2,
    "path": Array [
      "D",
      "E",
      "F",
    ],
  },
  Object {
    "cost": 3,
    "path": Array [
      "D",
      "A",
      "E",
      "F",
    ],
  },
  Object {
    "cost": 4,
    "path": Array [
      "D",
      "E",
      "B",
      "C",
      "F",
    ],
  },
  Object {
    "cost": 5,
    "path": Array [
      "D",
      "A",
      "E",
      "B",
      "C",
      "F",
    ],
  },
]
`;
